// Jest Snapshot v1, https://goo.gl/fbAQLP

exports[`Calendar component renders correctly 1`] = `null`;
